fetched /home/awe/zedBSD-rpi4/build/distfiles/bash-5.3.tar.gz
fetched /home/awe/zedBSD-rpi4/build/distfiles/bash-5.3.tar.gz.verify.bash-5.3.tar.gz.sig
fetched /home/awe/zedBSD-rpi4/build/distfiles/coreutils-9.12.tar.xz
fetched /home/awe/zedBSD-rpi4/build/distfiles/coreutils-9.12.tar.xz.verify.coreutils-9.12.tar.xz.sig
fetched /home/awe/zedBSD-rpi4/build/distfiles/ca-certificates_20260816.tar.xz
fetched /home/awe/zedBSD-rpi4/build/distfiles/ca-certificates_20260816.tar.xz.verify.ca-certificates_20260816.dsc
fetched /home/awe/zedBSD-rpi4/build/distfiles/zlib-1.3.2.tar.xz
fetched /home/awe/zedBSD-rpi4/build/distfiles/zlib-1.3.2.tar.xz.verify.zlib-1.3.2.tar.xz.asc
fetched /home/awe/zedBSD-rpi4/build/distfiles/expat-2.8.5.tar.xz
fetched /home/awe/zedBSD-rpi4/build/distfiles/expat-2.8.5.tar.xz.verify.expat-2.8.5.tar.xz.asc
fetched /home/awe/zedBSD-rpi4/build/distfiles/curl-8.22.0.tar.xz
fetched /home/awe/zedBSD-rpi4/build/distfiles/curl-8.22.0.tar.xz.verify.curl-8.22.0.tar.xz.asc
fetched /home/awe/zedBSD-rpi4/build/distfiles/wget-1.25.0.tar.gz
fetched /home/awe/zedBSD-rpi4/build/distfiles/wget-1.25.0.tar.gz.verify.wget-1.25.0.tar.gz.sig
fetched /home/awe/zedBSD-rpi4/build/distfiles/git-2.55.0.tar.xz
fetched /home/awe/zedBSD-rpi4/build/distfiles/git-2.55.0.tar.xz.verify.sha256sums.asc
fetched /home/awe/zedBSD-rpi4/build/distfiles/emacs-31.1.tar.xz
fetched /home/awe/zedBSD-rpi4/build/distfiles/emacs-31.1.tar.xz.verify.emacs-31.1.tar.xz.sig
fetched /home/awe/zedBSD-rpi4/build/distfiles/vim-9.2.1125.tar.gz
fetched /home/awe/zedBSD-rpi4/build/distfiles/binutils-2.47.tar.xz
fetched /home/awe/zedBSD-rpi4/build/distfiles/binutils-2.47.tar.xz.verify.binutils-2.47.tar.xz.sig
fetched /home/awe/zedBSD-rpi4/build/distfiles/gmp-6.3.0.tar.xz
fetched /home/awe/zedBSD-rpi4/build/distfiles/gmp-6.3.0.tar.xz.verify.gmp-6.3.0.tar.xz.sig
fetched /home/awe/zedBSD-rpi4/build/distfiles/mpfr-4.2.2.tar.xz
fetched /home/awe/zedBSD-rpi4/build/distfiles/mpfr-4.2.2.tar.xz.verify.mpfr-4.2.2.tar.xz.sig
fetched /home/awe/zedBSD-rpi4/build/distfiles/mpc-1.3.1.tar.gz
fetched /home/awe/zedBSD-rpi4/build/distfiles/mpc-1.3.1.tar.gz.verify.mpc-1.3.1.tar.gz.sig
fetched /home/awe/zedBSD-rpi4/build/distfiles/isl-0.24.tar.bz2
fetched /home/awe/zedBSD-rpi4/build/distfiles/gcc-16.2.0.tar.xz
fetched /home/awe/zedBSD-rpi4/build/distfiles/gcc-16.2.0.tar.xz.verify.gcc-16.2.0.tar.xz.sig
fetched /home/awe/zedBSD-rpi4/build/distfiles/gdb-17.2.tar.xz
fetched /home/awe/zedBSD-rpi4/build/distfiles/gdb-17.2.tar.xz.verify.gdb-17.2.tar.xz.sig
fetched /home/awe/zedBSD-rpi4/build/distfiles/meson-1.12.0.tar.gz
fetched /home/awe/zedBSD-rpi4/build/distfiles/meson-1.12.0.tar.gz.verify.meson-1.12.0.tar.gz.asc
fetched /home/awe/zedBSD-rpi4/build/distfiles/ninja-1.13.2.tar.gz
fetched /home/awe/zedBSD-rpi4/build/distfiles/libffi-3.8.0.tar.gz
digest libffi-3.8.0.tar.gz: sha256:7da3e2d9a171eb0a038f592ecad3ff2bb2550f3496d87b3b29ad0cf4430c0db4
fetched /home/awe/zedBSD-rpi4/build/distfiles/pcre2-10.48.tar.bz2
fetched /home/awe/zedBSD-rpi4/build/distfiles/pcre2-10.48.tar.bz2.verify.pcre2-10.48.tar.bz2.sig
fetched /home/awe/zedBSD-rpi4/build/distfiles/glib-2.90.0.tar.xz
fetched /home/awe/zedBSD-rpi4/build/distfiles/glib-2.90.0.tar.xz.verify.glib-2.90.0.sha256sum
fetched /home/awe/zedBSD-rpi4/build/distfiles/libpng-1.6.58.tar.xz
fetched /home/awe/zedBSD-rpi4/build/distfiles/freetype-2.14.3.tar.xz
fetched /home/awe/zedBSD-rpi4/build/distfiles/freetype-2.14.3.tar.xz.verify.freetype-2.14.3.tar.xz.sig
fetched /home/awe/zedBSD-rpi4/build/distfiles/harfbuzz-14.5.0.tar.xz
digest harfbuzz-14.5.0.tar.xz: sha256:b7132e148358a45185c9feafd049dbaf243649d3c44414b3534d9c95d18592b9
fetched /home/awe/zedBSD-rpi4/build/distfiles/fontconfig-2.18.3.tar.xz
fetched /home/awe/zedBSD-rpi4/build/distfiles/fontconfig-2.18.3.tar.xz.verify.fontconfig-2.18.3.tar.xz.sha256sum
fetched /home/awe/zedBSD-rpi4/build/distfiles/pixman-0.46.4.tar.xz
fetched /home/awe/zedBSD-rpi4/build/distfiles/pixman-0.46.4.tar.xz.verify.pixman-0.46.4.tar.xz.sha512
fetched /home/awe/zedBSD-rpi4/build/distfiles/cairo-1.18.6.tar.xz
fetched /home/awe/zedBSD-rpi4/build/distfiles/cairo-1.18.6.tar.xz.verify.cairo-1.18.6.tar.xz.sha256sum
fetched /home/awe/zedBSD-rpi4/build/distfiles/pango-1.58.2.tar.xz
fetched /home/awe/zedBSD-rpi4/build/distfiles/pango-1.58.2.tar.xz.verify.pango-1.58.2.sha256sum
fetched /home/awe/zedBSD-rpi4/build/distfiles/fribidi-1.0.17.tar.xz
digest fribidi-1.0.17.tar.xz: sha256:6949dcde27d41cebad1fd741fcafc36d55a1020d2d872d4a6eb3914caabbada2
fetched /home/awe/zedBSD-rpi4/build/distfiles/gdk-pixbuf-2.44.8.tar.xz
fetched /home/awe/zedBSD-rpi4/build/distfiles/gdk-pixbuf-2.44.8.tar.xz.verify.gdk-pixbuf-2.44.8.sha256sum
fetched /home/awe/zedBSD-rpi4/build/distfiles/libjpeg-turbo-3.2.0.tar.gz
fetched /home/awe/zedBSD-rpi4/build/distfiles/libjpeg-turbo-3.2.0.tar.gz.verify.libjpeg-turbo-3.2.0.tar.gz.sig
fetched /home/awe/zedBSD-rpi4/build/distfiles/graphene-1.10.8.tar.xz
fetched /home/awe/zedBSD-rpi4/build/distfiles/graphene-1.10.8.tar.xz.verify.graphene-1.10.8.sha256sum
fetched /home/awe/zedBSD-rpi4/build/distfiles/libepoxy-1.5.10.tar.xz
fetched /home/awe/zedBSD-rpi4/build/distfiles/libepoxy-1.5.10.tar.xz.verify.libepoxy-1.5.10.sha256sum
fetched /home/awe/zedBSD-rpi4/build/distfiles/libxkbcommon-1.13.2.tar.gz
fetched /home/awe/zedBSD-rpi4/build/distfiles/xkeyboard-config-2.48.tar.xz
fetched /home/awe/zedBSD-rpi4/build/distfiles/xkeyboard-config-2.48.tar.xz.verify.xkeyboard-config-2.48.tar.xz.sig
fetched /home/awe/zedBSD-rpi4/build/distfiles/wayland-1.26.0.tar.xz
fetched /home/awe/zedBSD-rpi4/build/distfiles/wayland-1.26.0.tar.xz.verify.wayland-1.26.0.tar.xz.sig
fetched /home/awe/zedBSD-rpi4/build/distfiles/wayland-1.26.0.tar.xz.verify.wayland-1.26.0.tar.xz.sha256sum
fetched /home/awe/zedBSD-rpi4/build/distfiles/wayland-protocols-1.49.tar.xz
fetched /home/awe/zedBSD-rpi4/build/distfiles/wayland-protocols-1.49.tar.xz.verify.wayland-protocols-1.49.tar.xz.sig
fetched /home/awe/zedBSD-rpi4/build/distfiles/wayland-protocols-1.49.tar.xz.verify.wayland-protocols-1.49.tar.xz.sha256sum
fetched /home/awe/zedBSD-rpi4/build/distfiles/gtk-4.24.0.tar.xz
fetched /home/awe/zedBSD-rpi4/build/distfiles/gtk-4.24.0.tar.xz.verify.gtk-4.24.0.sha256sum
fetched /home/awe/zedBSD-rpi4/build/distfiles/qtbase-everywhere-src-6.11.2.tar.xz
fetched /home/awe/zedBSD-rpi4/build/distfiles/qtbase-everywhere-src-6.11.2.tar.xz.verify.qtbase-everywhere-src-6.11.2.tar.xz.sha256
fetched /home/awe/zedBSD-rpi4/build/distfiles/qtwayland-everywhere-src-6.11.2.tar.xz
fetched /home/awe/zedBSD-rpi4/build/distfiles/qtwayland-everywhere-src-6.11.2.tar.xz.verify.qtwayland-everywhere-src-6.11.2.tar.xz.sha256
fetched /home/awe/zedBSD-rpi4/build/distfiles/gtk-3.24.52.tar.xz
fetched /home/awe/zedBSD-rpi4/build/distfiles/gtk-3.24.52.tar.xz.verify.gtk-3.24.52.sha256sum
fetched /home/awe/zedBSD-rpi4/build/distfiles/at-spi2-core-2.62.0.1.tar.xz
fetched /home/awe/zedBSD-rpi4/build/distfiles/at-spi2-core-2.62.0.1.tar.xz.verify.at-spi2-core-2.62.0.1.sha256sum
fetched /home/awe/zedBSD-rpi4/build/distfiles/qtbase-everywhere-opensource-src-5.15.19.tar.xz
fetched /home/awe/zedBSD-rpi4/build/distfiles/qtbase-everywhere-opensource-src-5.15.19.tar.xz.verify.qtbase-everywhere-opensource-src-5.15.19.tar.xz.sha256
fetched /home/awe/zedBSD-rpi4/build/distfiles/qtwayland-everywhere-opensource-src-5.15.19.tar.xz
fetched /home/awe/zedBSD-rpi4/build/distfiles/qtwayland-everywhere-opensource-src-5.15.19.tar.xz.verify.qtwayland-everywhere-opensource-src-5.15.19.tar.xz.sha256
fetched /home/awe/zedBSD-rpi4/build/distfiles/qtsvg-everywhere-opensource-src-5.15.19.tar.xz
fetched /home/awe/zedBSD-rpi4/build/distfiles/qtsvg-everywhere-opensource-src-5.15.19.tar.xz.verify.qtsvg-everywhere-opensource-src-5.15.19.tar.xz.sha256
fetched /home/awe/zedBSD-rpi4/build/distfiles/ffmpeg-9.0.2.tar.xz
fetched /home/awe/zedBSD-rpi4/build/distfiles/ffmpeg-9.0.2.tar.xz.verify.ffmpeg-9.0.2.tar.xz.asc
fetched /home/awe/zedBSD-rpi4/build/distfiles/vlc-3.0.24.tar.xz
fetched /home/awe/zedBSD-rpi4/build/distfiles/vlc-3.0.24.tar.xz.verify.vlc-3.0.24.tar.xz.asc
fetched /home/awe/zedBSD-rpi4/build/distfiles/vlc-3.0.24.tar.xz.verify.vlc-3.0.24.tar.xz.sha256
fetched /home/awe/zedBSD-rpi4/build/distfiles/cacert-2026-08-13.pem
fetched /home/awe/zedBSD-rpi4/build/distfiles/cacert-2026-08-13.pem.verify.cacert-2026-08-13.pem.sha256
exit=0
