bash 11355854 0d5cd86965f869a26cf64f4b71be7b96f90a3ba8b3d74e27e8e9d9d5550f31ba ['bash-5.3'] ok [('openpgp-signature', 'good')] 
coreutils 6704996 a480198559733e9b3da999e90543ac6f888a2caa544d8d664c5a1f17e528e210 ['coreutils-9.12'] ok [('openpgp-signature', 'good')] 
ca-certificates-debian 271796 d939bcdd0cb058712cf4175bac76997676eb8b68fe9473765e1b40fb3d5b186a ['ca-certificates'] ok [('debian-dsc-sha256', 'match'), ('openpgp-clearsigned-dsc', 'good')] 
zlib 1320064 d7a0654783a4da529d1bb793b7ad9c3318020af77667bcae35f95d0e42a792f3 ['zlib-1.3.2'] ok [('openpgp-signature', 'good')] 
expat 528380 1e727b8933ec51a77a9a9d9afcf8e688bce45d907c13e36ab7393fe36e703182 ['expat-2.8.5'] ok [('openpgp-signature', 'good')] 
curl 2953092 f7ef3ae8a22e521f289803fe93543eb64c329b58aa73a9e224dfd915a2a5f4f7 ['curl-8.22.0'] ok [('openpgp-signature', 'good')] 
wget 5263736 766e48423e79359ea31e41db9e5c289675947a7fcf2efdcedb726ac9d0da3784 ['wget-1.25.0'] ok [('openpgp-signature', 'good')] 
git 8177180 457fdb04dc8728e007d4688695e6912e6f680727920f2a40bf11eacc17505357 ['git-2.55.0'] ok [('published-sha256-list', 'match'), ('openpgp-clearsigned-list', 'good')] 
emacs 57977476 1da5790d9580c81932b5bf700633114468da7b3412d69faa767daebf974f4586 ['emacs-31.1'] ok [('openpgp-signature', 'good')] 
vim 20194423 6242a0916e07d38c7c25b583e69f413806b772808e95130133a23c9d46cedb32 ['vim-9.2.1125'] ok [] 
binutils 29034716 154ab23b60070e8f27013c22977f1129425d67d1e8acd6e13010e617811e4cff ['binutils-2.47'] ok [('openpgp-signature', 'good')] 
gmp 2094196 a3c2b80201b89e68616f4ad30bc66aee4927c3ce50e33929ca819d5c43538898 ['gmp-6.3.0'] ok [('openpgp-signature', 'good')] 
mpfr 1505596 b67ba0383ef7e8a8563734e2e889ef5ec3c3b898a01d00fa0a6869ad81c6ce01 ['mpfr-4.2.2'] ok [('openpgp-signature', 'good')] 
mpc 773573 ab642492f5cf882b74aa0cb730cd410a81edcdbec895183ce930e706c1c759b8 ['mpc-1.3.1'] ok [('openpgp-signature', 'good')] 
isl 2261594 fcf78dd9656c10eb8cf9fbd5f59a0b6b01386205fe1934b3b287a0a1898145c0 ['isl-0.24'] ok [] 
gcc 107200820 e6738e29597f733270731aa90600f37ffdc045079dfc27ec7e8192cc81085c3e ['gcc-16.2.0'] ok [('openpgp-signature', 'good')] 
gdb 24658624 1c036c0d72e4b3d1fb5c94c88632add6f9d76f4d7c4d2ea793c12a9f19a3228c ['gdb-17.2'] ok [('openpgp-signature', 'good')] 
meson 2518280 88afe0c20e52030218924ac37d0c81c59b4b5f3ae3752c8c6d7470c7d365886c ['meson-1.12.0'] ok [('openpgp-signature', 'good')] 
ninja 292385 974d6b2f4eeefa25625d34da3cb36bdcebe7fbce40f4c16ac0835fd1c0cbae17 ['ninja-1.13.2'] ok [] 
libffi 1581626 7da3e2d9a171eb0a038f592ecad3ff2bb2550f3496d87b3b29ad0cf4430c0db4 ['libffi-3.8.0'] ok [('github-release-asset-digest', 'match')] 
pcre2 2213024 b6c68fdf6f3ac31388b50aa89ff0fc49c00c987c16e7b5146491d12003f2c8ed ['pcre2-10.48'] ok [('openpgp-signature', 'good')] 
glib 5830480 17d15cac2af80a33271127408e0abc2748eb297c595c2a26409e81e14e7d1b8f ['glib-2.90.0'] ok [('published-sha256', 'match')] 
libpng 1070096 28eb403f51f0f7405249132cecfe82ea5c0ef97f1b32c5a65828814ae0d34775 ['libpng-1.6.58'] ok [] 
freetype 2670220 36bc4f1cc413335368ee656c42afca65c5a3987e8768cc28cf11ba775e785a5f ['freetype-2.14.3'] ok [('openpgp-signature', 'good')] 
harfbuzz 20262956 b7132e148358a45185c9feafd049dbaf243649d3c44414b3534d9c95d18592b9 ['harfbuzz-14.5.0'] ok [('github-release-asset-digest', 'match')] 
fontconfig 1172016 4f7b554a38cdf78c033f666c8871f3749e14a094f65a07f630c91ed0b43d35e3 ['fontconfig-2.18.3'] ok [('published-sha256', 'match')] 
pixman 660536 a098c33924754ad43f981b740f6d576c70f9ed1006e12221b1845431ebce1239 ['pixman-0.46.4'] ok [('published-sha512', 'match')] 
cairo 32725456 1c767308174337a74694da0f3ec069c271452163a1ef4540964c50c301f157d4 ['cairo-1.18.6'] ok [('published-sha256', 'match')] 
pango 1918112 342385b6ca3b7c73455d7c80a13b7dbe4489e00bc3bd4c5bd6ed4dce421e374a ['pango-1.58.2'] ok [('published-sha256', 'match')] 
fribidi 1203284 6949dcde27d41cebad1fd741fcafc36d55a1020d2d872d4a6eb3914caabbada2 ['fribidi-1.0.17'] ok [('github-release-asset-digest', 'match')] 
gdk-pixbuf 6037756 919f529512961a12e81cd4b4b466a48c3933469e7f9a310c6513cd4fb252ba3c ['gdk-pixbuf-2.44.8'] ok [('published-sha256', 'match')] 
libjpeg-turbo 2537858 6f30092cef9fb839779646608f4ee14ae3cbac989c47fa05e841b0841f09878e ['libjpeg-turbo-3.2.0'] ok [('openpgp-signature', 'good')] 
graphene 333924 a37bb0e78a419dcbeaa9c7027bcff52f5ec2367c25ec859da31dfde2928f279a ['graphene-1.10.8'] ok [('published-sha256', 'match')] 
libepoxy 223528 072cda4b59dd098bba8c2363a6247299db1fa89411dc221c8b81b8ee8192e623 ['libepoxy-1.5.10'] ok [('published-sha256', 'match')] 
libxkbcommon 1243485 acc4d5f7c3cbba5f9f8d08d8bdbeede84ecede46792f47929aa9321873385528 ['libxkbcommon-xkbcommon-1.13.2'] ok [] 
xkeyboard-config 953316 b77041324f0109f77161ee43743fe04baa485866af8460d31e476ad3f7648fd5 ['xkeyboard-config-2.48'] ok [('openpgp-signature', 'good')] 
wayland 612384 64176eaa46e4969903e286f8e5ef8331affc17fdf03ac9b58381d2b23162b7a3 ['wayland-1.26.0'] ok [('openpgp-signature', 'good'), ('published-sha256', 'match')] 
wayland-protocols 150612 ec4c8f74942d6dff7ace8b4ce4764f0ef9ff618a935d974ea77edee2ad240b14 ['wayland-protocols-1.49'] ok [('openpgp-signature', 'good'), ('published-sha256', 'match')] 
gtk4 17652716 28ba4ac1c04f86eac09b79a163cb163a4c2b54442d9f7eccc04679062a581044 ['gtk-4.24.0'] ok [('published-sha256', 'match')] 
qt6-qtbase 50582668 5b2e00eccaf5a4d8c14134ffa0ea8dfd0a35ae1ffc7f8d87fa4305a1ed23cf22 ['qtbase-everywhere-src-6.11.2'] ok [('published-sha256', 'match')] 
qt6-qtwayland 905288 8eb7615e39332a10f506e8dd70f02d5954bb5949ff54f6dcbf8bd6168222f9df ['qtwayland-everywhere-src-6.11.2'] ok [('published-sha256', 'match')] 
gtk3 13578032 80931fa472a77b9a164f6740e3c0b444fac6770054632d35a7ff9d679e5e7b9f ['gtk-3.24.52'] ok [('published-sha256', 'match')] 
at-spi2-core 599704 fa462f1834bae569c5944c34608872f9447e5a2889ba2aa4d5ff9f2d6ff8a395 ['at-spi2-core-2.62.0.1'] ok [('published-sha256', 'match')] 
qt5-qtbase 51588440 51e91c73abacab81e64efd01bf95794e79c0e605ad80947a024769f0dd620a32 ['qtbase-everywhere-src-5.15.19'] ok [('published-sha256', 'match')] 
qt5-qtwayland 547652 9efee6413514986353faace0415ad238b5ab00f8ecb0693381f563076e95ec93 ['qtwayland-everywhere-src-5.15.19'] ok [('published-sha256', 'match')] 
qt5-qtsvg 1867700 cabc95fc12fa84c92e95f08660742a0ce297e6db3deadbefbe7fbec4769b8c13 ['qtsvg-everywhere-src-5.15.19'] ok [('published-sha256', 'match')] 
ffmpeg 11732036 7138d28c96d9d3e3af4ee3d8cad72741f8ffb40da90c1112235dea3ecd3178a3 ['ffmpeg-8.1.3'] ok [('openpgp-signature', 'good')] 
vlc 27620304 e7cab503d1d7d5849b89d2cf0e1ee60d0ef6d012407791b644b9cfc0cc225fdf ['vlc-3.0.24'] ok [('openpgp-signature', 'no-key'), ('published-sha256', 'match')] 
ca-certificates-curl 188900 f66dff1bdf8f96060b8177976f8b7d9254bc89bc4db933d769f7384d28480bc9 None None [('published-sha256', 'match')] 
libtiff 2409652 4996f0c4f93094719b1ca5c6279b20e588773ba8a247533e486416fb662ddb88 ['tiff-4.7.2'] ok [('openpgp-signature', 'good')] 
gperf 1831294 fd87e0aba7e43ae054837afd6cd4db03a3f2693deb3619085e6ed9d8d9604ad8 ['gperf-3.3'] ok [('openpgp-signature', 'good')] 
libiconv 5921103 88dd96a8c0464eca144fc791ae60cd31cd8ee78321e67397e25fc095c4a19aa6 ['libiconv-1.19'] ok [('openpgp-signature', 'good')] 
ncurses 3791150 355b4cbbed880b0381a04c46617b7656e362585d52e9cf84a67e2009b749ff11 ['ncurses-6.6'] ok [('openpgp-signature', 'good')] 
atk-standalone 303952 ac4de2a4ef4bd5665052952fe169657e65e895c5057dffb3c2a810f6191a0c36 ['atk-2.38.0'] ok [('published-sha256', 'match')] 
