/*
 * zedBSD
 * Copyright (C) 2026 Awe Morris
 *
 * SPDX-License-Identifier: Zlib
 */

/* Only the OpenGL ES calls and GLX leave the library (libX11 inside it stays inside). */
{
	global:
		glActiveTexture;
		glAlphaFunc;
		glAttachShader;
		glBegin;
		glBindAttribLocation;
		glBindBuffer;
		glBindFramebuffer;
		glBindRenderbuffer;
		glBindTexture;
		glBlendColor;
		glBlendEquation;
		glBlendEquationSeparate;
		glBlendFunc;
		glBlendFuncSeparate;
		glBufferData;
		glBufferSubData;
		glCallList;
		glCallLists;
		glCheckFramebufferStatus;
		glClear;
		glClearColor;
		glClearDepth;
		glClearDepthf;
		glClearStencil;
		glColor3d;
		glColor3f;
		glColor3fv;
		glColor3ub;
		glColor3ubv;
		glColor4d;
		glColor4f;
		glColor4fv;
		glColor4ub;
		glColor4ubv;
		glColorMask;
		glColorMaterial;
		glColorPointer;
		glCompileShader;
		glCompressedTexImage2D;
		glCompressedTexSubImage2D;
		glCopyTexImage2D;
		glCopyTexSubImage2D;
		glCreateProgram;
		glCreateShader;
		glCullFace;
		glDeleteBuffers;
		glDeleteFramebuffers;
		glDeleteLists;
		glDeleteProgram;
		glDeleteRenderbuffers;
		glDeleteShader;
		glDeleteTextures;
		glDepthFunc;
		glDepthMask;
		glDepthRange;
		glDepthRangef;
		glDetachShader;
		glDisable;
		glDisableClientState;
		glDisableVertexAttribArray;
		glDrawArrays;
		glDrawBuffer;
		glDrawElements;
		glEnable;
		glEnableClientState;
		glEnableVertexAttribArray;
		glEnd;
		glEndList;
		glFinish;
		glFlush;
		glFramebufferRenderbuffer;
		glFramebufferTexture2D;
		glFrontFace;
		glFrustum;
		glGenBuffers;
		glGenFramebuffers;
		glGenLists;
		glGenRenderbuffers;
		glGenTextures;
		glGenerateMipmap;
		glGetActiveAttrib;
		glGetActiveUniform;
		glGetAttachedShaders;
		glGetAttribLocation;
		glGetBooleanv;
		glGetBufferParameteriv;
		glGetDoublev;
		glGetError;
		glGetFloatv;
		glGetFramebufferAttachmentParameteriv;
		glGetIntegerv;
		glGetProgramInfoLog;
		glGetProgramiv;
		glGetRenderbufferParameteriv;
		glGetShaderInfoLog;
		glGetShaderPrecisionFormat;
		glGetShaderSource;
		glGetShaderiv;
		glGetString;
		glGetTexParameterfv;
		glGetTexParameteriv;
		glGetUniformLocation;
		glGetUniformfv;
		glGetUniformiv;
		glGetVertexAttribPointerv;
		glGetVertexAttribfv;
		glGetVertexAttribiv;
		glHint;
		glIsBuffer;
		glIsEnabled;
		glIsFramebuffer;
		glIsList;
		glIsProgram;
		glIsRenderbuffer;
		glIsShader;
		glIsTexture;
		glLightModelf;
		glLightModelfv;
		glLightModeli;
		glLightModeliv;
		glLightf;
		glLightfv;
		glLighti;
		glLightiv;
		glLineWidth;
		glLinkProgram;
		glLoadIdentity;
		glLoadMatrixd;
		glLoadMatrixf;
		glMaterialf;
		glMaterialfv;
		glMateriali;
		glMaterialiv;
		glMatrixMode;
		glMultMatrixd;
		glMultMatrixf;
		glNewList;
		glNormal3d;
		glNormal3f;
		glNormal3fv;
		glNormalPointer;
		glOrtho;
		glPixelStorei;
		glPointSize;
		glPolygonMode;
		glPolygonOffset;
		glPopAttrib;
		glPopMatrix;
		glPushAttrib;
		glPushMatrix;
		glReadBuffer;
		glReadPixels;
		glRectf;
		glReleaseShaderCompiler;
		glRenderbufferStorage;
		glRotated;
		glRotatef;
		glSampleCoverage;
		glScaled;
		glScalef;
		glScissor;
		glShadeModel;
		glShaderBinary;
		glShaderSource;
		glStencilFunc;
		glStencilFuncSeparate;
		glStencilMask;
		glStencilMaskSeparate;
		glStencilOp;
		glStencilOpSeparate;
		glTexCoord1f;
		glTexCoord2f;
		glTexCoord2fv;
		glTexCoord3f;
		glTexCoord4f;
		glTexCoordPointer;
		glTexEnvf;
		glTexEnvfv;
		glTexEnvi;
		glTexEnviv;
		glTexImage2D;
		glTexParameterf;
		glTexParameterfv;
		glTexParameteri;
		glTexParameteriv;
		glTexSubImage2D;
		glTranslated;
		glTranslatef;
		glUniform1f;
		glUniform1fv;
		glUniform1i;
		glUniform1iv;
		glUniform2f;
		glUniform2fv;
		glUniform2i;
		glUniform2iv;
		glUniform3f;
		glUniform3fv;
		glUniform3i;
		glUniform3iv;
		glUniform4f;
		glUniform4fv;
		glUniform4i;
		glUniform4iv;
		glUniformMatrix2fv;
		glUniformMatrix3fv;
		glUniformMatrix4fv;
		glUseProgram;
		glValidateProgram;
		glVertex2d;
		glVertex2f;
		glVertex2fv;
		glVertex2i;
		glVertex2s;
		glVertex3d;
		glVertex3dv;
		glVertex3f;
		glVertex3fv;
		glVertex3i;
		glVertex4f;
		glVertex4fv;
		glVertexAttrib1f;
		glVertexAttrib1fv;
		glVertexAttrib2f;
		glVertexAttrib2fv;
		glVertexAttrib3f;
		glVertexAttrib3fv;
		glVertexAttrib4f;
		glVertexAttrib4fv;
		glVertexAttribPointer;
		glVertexPointer;
		glViewport;
		glXChooseFBConfig;
		glXChooseVisual;
		glXCreateContext;
		glXCreateNewContext;
		glXCreateWindow;
		glXDestroyContext;
		glXDestroyWindow;
		glXGetClientString;
		glXGetConfig;
		glXGetCurrentContext;
		glXGetCurrentDisplay;
		glXGetCurrentDrawable;
		glXGetFBConfigAttrib;
		glXGetFBConfigs;
		glXGetProcAddress;
		glXGetProcAddressARB;
		glXGetVisualFromFBConfig;
		glXIsDirect;
		glXMakeContextCurrent;
		glXMakeCurrent;
		glXQueryExtension;
		glXQueryExtensionsString;
		glXQueryServerString;
		glXQueryVersion;
		glXSwapBuffers;
		zglx_swap_step;
		glXWaitGL;
		glXWaitX;
	local:
		*;
};
