field Logical ID
field Record Kind
field Primary Milestone
field Related Milestones
field Objectives
field Awesome Plan Status
field Phase Disposition
field WS Priority
field Focused Goal IDs
field Current Focus
field Queue ID
field Queue Item Status
field Planning Category
field Parent WS
field Status Note
added 15
added 30
added 45
added 60
added 75
added 90
added 105
added 120
added 135
added 150
added 165
added 180
added 195
added 210
added 225
added 240
added 255
added 270
added 285
added 300
added 315
added 330
added 345
added 360
added 361
fields 35 / 3880
fields 70 / 3880
fields 105 / 3880
fields 140 / 3880
fields 175 / 3880
fields 210 / 3880
fields 245 / 3880
fields 280 / 3880
fields 315 / 3880
fields 350 / 3880
fields 385 / 3880
fields 420 / 3880
fields 455 / 3880
fields 490 / 3880
fields 525 / 3880
fields 560 / 3880
fields 595 / 3880
fields 630 / 3880
fields 665 / 3880
fields 700 / 3880
fields 735 / 3880
fields 770 / 3880
fields 805 / 3880
fields 840 / 3880
fields 875 / 3880
fields 910 / 3880
fields 945 / 3880
fields 980 / 3880
fields 1015 / 3880
fields 1050 / 3880
fields 1085 / 3880
fields 1120 / 3880
fields 1155 / 3880
fields 1190 / 3880
fields 1225 / 3880
fields 1260 / 3880
fields 1295 / 3880
fields 1330 / 3880
fields 1365 / 3880
fields 1400 / 3880
fields 1435 / 3880
fields 1470 / 3880
fields 1505 / 3880
fields 1540 / 3880
fields 1575 / 3880
fields 1610 / 3880
fields 1645 / 3880
fields 1680 / 3880
fields 1715 / 3880
fields 1750 / 3880
fields 1785 / 3880
fields 1820 / 3880
fields 1855 / 3880
fields 1890 / 3880
fields 1925 / 3880
fields 1960 / 3880
fields 1995 / 3880
fields 2030 / 3880
fields 2065 / 3880
fields 2100 / 3880
fields 2135 / 3880
fields 2170 / 3880
fields 2205 / 3880
fields 2240 / 3880
fields 2275 / 3880
fields 2310 / 3880
fields 2345 / 3880
fields 2380 / 3880
fields 2415 / 3880
fields 2450 / 3880
fields 2485 / 3880
fields 2520 / 3880
fields 2555 / 3880
fields 2590 / 3880
fields 2625 / 3880
fields 2660 / 3880
fields 2695 / 3880
fields 2730 / 3880
fields 2765 / 3880
fields 2800 / 3880
fields 2835 / 3880
fields 2870 / 3880
fields 2905 / 3880
fields 2940 / 3880
fields 2975 / 3880
fields 3010 / 3880
fields 3045 / 3880
fields 3080 / 3880
fields 3115 / 3880
fields 3150 / 3880
fields 3185 / 3880
fields 3220 / 3880
fields 3255 / 3880
fields 3290 / 3880
fields 3325 / 3880
fields 3360 / 3880
fields 3395 / 3880
fields 3430 / 3880
fields 3465 / 3880
fields 3500 / 3880
fields 3535 / 3880
fields 3570 / 3880
fields 3605 / 3880
fields 3640 / 3880
fields 3675 / 3880
fields 3710 / 3880
fields 3745 / 3880
fields 3780 / 3880
fields 3815 / 3880
fields 3850 / 3880
fields 3880 / 3880
membership and field upload complete
