QEMU 10.0.11 monitor - type 'help' for more information
(qemu) s[K[Dse[K[D[Dsen[K[D[D[Dsend[K[D[D[D[Dsendk[K[D[D[D[D[Dsendke[K[D[D[D[D[D[Dsendkey[K[D[D[D[D[D[D[Dsendkey [K[D[D[D[D[D[D[D[Dsendkey r[K
(qemu) s[K[Dse[K[D[Dsen[K[D[D[Dsend[K[D[D[D[Dsendk[K[D[D[D[D[Dsendke[K[D[D[D[D[D[Dsendkey[K[D[D[D[D[D[D[Dsendkey [K[D[D[D[D[D[D[D[Dsendkey o[K
(qemu) s[K[Dse[K[D[Dsen[K[D[D[Dsend[K[D[D[D[Dsendk[K[D[D[D[D[Dsendke[K[D[D[D[D[D[Dsendkey[K[D[D[D[D[D[D[Dsendkey [K[D[D[D[D[D[D[D[Dsendkey o[K
(qemu) s[K[Dse[K[D[Dsen[K[D[D[Dsend[K[D[D[D[Dsendk[K[D[D[D[D[Dsendke[K[D[D[D[D[D[Dsendkey[K[D[D[D[D[D[D[Dsendkey [K[D[D[D[D[D[D[D[Dsendkey t[K
(qemu) s[K[Dse[K[D[Dsen[K[D[D[Dsend[K[D[D[D[Dsendk[K[D[D[D[D[Dsendke[K[D[D[D[D[D[Dsendkey[K[D[D[D[D[D[D[Dsendkey [K[D[D[D[D[D[D[D[Dsendkey r[K[D[D[D[D[D[D[D[D[Dsendkey re[K[D[D[D[D[D[D[D[D[D[Dsendkey ret[K
(qemu) s[K[Dse[K[D[Dsen[K[D[D[Dsend[K[D[D[D[Dsendk[K[D[D[D[D[Dsendke[K[D[D[D[D[D[Dsendkey[K[D[D[D[D[D[D[Dsendkey [K[D[D[D[D[D[D[D[Dsendkey r[K[D[D[D[D[D[D[D[D[Dsendkey re[K[D[D[D[D[D[D[D[D[D[Dsendkey ret[K
(qemu) s[K[Dse[K[D[Dsen[K[D[D[Dsend[K[D[D[D[Dsendk[K[D[D[D[D[Dsendke[K[D[D[D[D[D[Dsendkey[K[D[D[D[D[D[D[Dsendkey [K[D[D[D[D[D[D[D[Dsendkey c[K
(qemu) s[K[Dse[K[D[Dsen[K[D[D[Dsend[K[D[D[D[Dsendk[K[D[D[D[D[Dsendke[K[D[D[D[D[D[Dsendkey[K[D[D[D[D[D[D[Dsendkey [K[D[D[D[D[D[D[D[Dsendkey m[K
(qemu) s[K[Dse[K[D[Dsen[K[D[D[Dsend[K[D[D[D[Dsendk[K[D[D[D[D[Dsendke[K[D[D[D[D[D[Dsendkey[K[D[D[D[D[D[D[Dsendkey [K[D[D[D[D[D[D[D[Dsendkey p[K
(qemu) s[K[Dse[K[D[Dsen[K[D[D[Dsend[K[D[D[D[Dsendk[K[D[D[D[D[Dsendke[K[D[D[D[D[D[Dsendkey[K[D[D[D[D[D[D[Dsendkey [K[D[D[D[D[D[D[D[Dsendkey s[K[D[D[D[D[D[D[D[D[Dsendkey sp[K[D[D[D[D[D[D[D[D[D[Dsendkey spc[K
(qemu) s[K[Dse[K[D[Dsen[K[D[D[Dsend[K[D[D[D[Dsendk[K[D[D[D[D[Dsendke[K[D[D[D[D[D[Dsendkey[K[D[D[D[D[D[D[Dsendkey [K[D[D[D[D[D[D[D[Dsendkey s[K[D[D[D[D[D[D[D[D[Dsendkey sl[K[D[D[D[D[D[D[D[D[D[Dsendkey sla[K[D[D[D[D[D[D[D[D[D[D[Dsendkey slas[K[D[D[D[D[D[D[D[D[D[D[D[Dsendkey slash[K
(qemu) s[K[Dse[K[D[Dsen[K[D[D[Dsend[K[D[D[D[Dsendk[K[D[D[D[D[Dsendke[K[D[D[D[D[D[Dsendkey[K[D[D[D[D[D[D[Dsendkey [K[D[D[D[D[D[D[D[Dsendkey b[K
(qemu) s[K[Dse[K[D[Dsen[K[D[D[Dsend[K[D[D[D[Dsendk[K[D[D[D[D[Dsendke[K[D[D[D[D[D[Dsendkey[K[D[D[D[D[D[D[Dsendkey [K[D[D[D[D[D[D[D[Dsendkey i[K
(qemu) s[K[Dse[K[D[Dsen[K[D[D[Dsend[K[D[D[D[Dsendk[K[D[D[D[D[Dsendke[K[D[D[D[D[D[Dsendkey[K[D[D[D[D[D[D[Dsendkey [K[D[D[D[D[D[D[D[Dsendkey n[K
(qemu) s[K[Dse[K[D[Dsen[K[D[D[Dsend[K[D[D[D[Dsendk[K[D[D[D[D[Dsendke[K[D[D[D[D[D[Dsendkey[K[D[D[D[D[D[D[Dsendkey [K[D[D[D[D[D[D[D[Dsendkey s[K[D[D[D[D[D[D[D[D[Dsendkey sl[K[D[D[D[D[D[D[D[D[D[Dsendkey sla[K[D[D[D[D[D[D[D[D[D[D[Dsendkey slas[K[D[D[D[D[D[D[D[D[D[D[D[Dsendkey slash[K
(qemu) s[K[Dse[K[D[Dsen[K[D[D[Dsend[K[D[D[D[Dsendk[K[D[D[D[D[Dsendke[K[D[D[D[D[D[Dsendkey[K[D[D[D[D[D[D[Dsendkey [K[D[D[D[D[D[D[D[Dsendkey c[K
(qemu) s[K[Dse[K[D[Dsen[K[D[D[Dsend[K[D[D[D[Dsendk[K[D[D[D[D[Dsendke[K[D[D[D[D[D[Dsendkey[K[D[D[D[D[D[D[Dsendkey [K[D[D[D[D[D[D[D[Dsendkey m[K
(qemu) s[K[Dse[K[D[Dsen[K[D[D[Dsend[K[D[D[D[Dsendk[K[D[D[D[D[Dsendke[K[D[D[D[D[D[Dsendkey[K[D[D[D[D[D[D[Dsendkey [K[D[D[D[D[D[D[D[Dsendkey p[K
(qemu) s[K[Dse[K[D[Dsen[K[D[D[Dsend[K[D[D[D[Dsendk[K[D[D[D[D[Dsendke[K[D[D[D[D[D[Dsendkey[K[D[D[D[D[D[D[Dsendkey [K[D[D[D[D[D[D[D[Dsendkey s[K[D[D[D[D[D[D[D[D[Dsendkey sp[K[D[D[D[D[D[D[D[D[D[Dsendkey spc[K
(qemu) s[K[Dse[K[D[Dsen[K[D[D[Dsend[K[D[D[D[Dsendk[K[D[D[D[D[Dsendke[K[D[D[D[D[D[Dsendkey[K[D[D[D[D[D[D[Dsendkey [K[D[D[D[D[D[D[D[Dsendkey s[K[D[D[D[D[D[D[D[D[Dsendkey sl[K[D[D[D[D[D[D[D[D[D[Dsendkey sla[K[D[D[D[D[D[D[D[D[D[D[Dsendkey slas[K[D[D[D[D[D[D[D[D[D[D[D[Dsendkey slash[K
(qemu) s[K[Dse[K[D[Dsen[K[D[D[Dsend[K[D[D[D[Dsendk[K[D[D[D[D[Dsendke[K[D[D[D[D[D[Dsendkey[K[D[D[D[D[D[D[Dsendkey [K[D[D[D[D[D[D[D[Dsendkey b[K
(qemu) s[K[Dse[K[D[Dsen[K[D[D[Dsend[K[D[D[D[Dsendk[K[D[D[D[D[Dsendke[K[D[D[D[D[D[Dsendkey[K[D[D[D[D[D[D[Dsendkey [K[D[D[D[D[D[D[D[Dsendkey i[K
(qemu) s[K[Dse[K[D[Dsen[K[D[D[Dsend[K[D[D[D[Dsendk[K[D[D[D[D[Dsendke[K[D[D[D[D[D[Dsendkey[K[D[D[D[D[D[D[Dsendkey [K[D[D[D[D[D[D[D[Dsendkey n[K
(qemu) s[K[Dse[K[D[Dsen[K[D[D[Dsend[K[D[D[D[Dsendk[K[D[D[D[D[Dsendke[K[D[D[D[D[D[Dsendkey[K[D[D[D[D[D[D[Dsendkey [K[D[D[D[D[D[D[D[Dsendkey s[K[D[D[D[D[D[D[D[D[Dsendkey sl[K[D[D[D[D[D[D[D[D[D[Dsendkey sla[K[D[D[D[D[D[D[D[D[D[D[Dsendkey slas[K[D[D[D[D[D[D[D[D[D[D[D[Dsendkey slash[K
(qemu) s[K[Dse[K[D[Dsen[K[D[D[Dsend[K[D[D[D[Dsendk[K[D[D[D[D[Dsendke[K[D[D[D[D[D[Dsendkey[K[D[D[D[D[D[D[Dsendkey [K[D[D[D[D[D[D[D[Dsendkey c[K
(qemu) s[K[Dse[K[D[Dsen[K[D[D[Dsend[K[D[D[D[Dsendk[K[D[D[D[D[Dsendke[K[D[D[D[D[D[Dsendkey[K[D[D[D[D[D[D[Dsendkey [K[D[D[D[D[D[D[D[Dsendkey m[K
(qemu) s[K[Dse[K[D[Dsen[K[D[D[Dsend[K[D[D[D[Dsendk[K[D[D[D[D[Dsendke[K[D[D[D[D[D[Dsendkey[K[D[D[D[D[D[D[Dsendkey [K[D[D[D[D[D[D[D[Dsendkey p[K
(qemu) s[K[Dse[K[D[Dsen[K[D[D[Dsend[K[D[D[D[Dsendk[K[D[D[D[D[Dsendke[K[D[D[D[D[D[Dsendkey[K[D[D[D[D[D[D[Dsendkey [K[D[D[D[D[D[D[D[Dsendkey s[K[D[D[D[D[D[D[D[D[Dsendkey sp[K[D[D[D[D[D[D[D[D[D[Dsendkey spc[K
(qemu) s[K[Dse[K[D[Dsen[K[D[D[Dsend[K[D[D[D[Dsendk[K[D[D[D[D[Dsendke[K[D[D[D[D[D[Dsendkey[K[D[D[D[D[D[D[Dsendkey [K[D[D[D[D[D[D[D[Dsendkey s[K[D[D[D[D[D[D[D[D[Dsendkey sh[K[D[D[D[D[D[D[D[D[D[Dsendkey shi[K[D[D[D[D[D[D[D[D[D[D[Dsendkey shif[K[D[D[D[D[D[D[D[D[D[D[D[Dsendkey shift[K[D[D[D[D[D[D[D[D[D[D[D[D[Dsendkey shift-[K[D[D[D[D[D[D[D[D[D[D[D[D[D[Dsendkey shift-7[K
(qemu) s[K[Dse[K[D[Dsen[K[D[D[Dsend[K[D[D[D[Dsendk[K[D[D[D[D[Dsendke[K[D[D[D[D[D[Dsendkey[K[D[D[D[D[D[D[Dsendkey [K[D[D[D[D[D[D[D[Dsendkey s[K[D[D[D[D[D[D[D[D[Dsendkey sh[K[D[D[D[D[D[D[D[D[D[Dsendkey shi[K[D[D[D[D[D[D[D[D[D[D[Dsendkey shif[K[D[D[D[D[D[D[D[D[D[D[D[Dsendkey shift[K[D[D[D[D[D[D[D[D[D[D[D[D[Dsendkey shift-[K[D[D[D[D[D[D[D[D[D[D[D[D[D[Dsendkey shift-7[K
(qemu) s[K[Dse[K[D[Dsen[K[D[D[Dsend[K[D[D[D[Dsendk[K[D[D[D[D[Dsendke[K[D[D[D[D[D[Dsendkey[K[D[D[D[D[D[D[Dsendkey [K[D[D[D[D[D[D[D[Dsendkey s[K[D[D[D[D[D[D[D[D[Dsendkey sp[K[D[D[D[D[D[D[D[D[D[Dsendkey spc[K
(qemu) s[K[Dse[K[D[Dsen[K[D[D[Dsend[K[D[D[D[Dsendk[K[D[D[D[D[Dsendke[K[D[D[D[D[D[Dsendkey[K[D[D[D[D[D[D[Dsendkey [K[D[D[D[D[D[D[D[Dsendkey e[K
(qemu) s[K[Dse[K[D[Dsen[K[D[D[Dsend[K[D[D[D[Dsendk[K[D[D[D[D[Dsendke[K[D[D[D[D[D[Dsendkey[K[D[D[D[D[D[D[Dsendkey [K[D[D[D[D[D[D[D[Dsendkey c[K
(qemu) s[K[Dse[K[D[Dsen[K[D[D[Dsend[K[D[D[D[Dsendk[K[D[D[D[D[Dsendke[K[D[D[D[D[D[Dsendkey[K[D[D[D[D[D[D[Dsendkey [K[D[D[D[D[D[D[D[Dsendkey h[K
(qemu) s[K[Dse[K[D[Dsen[K[D[D[Dsend[K[D[D[D[Dsendk[K[D[D[D[D[Dsendke[K[D[D[D[D[D[Dsendkey[K[D[D[D[D[D[D[Dsendkey [K[D[D[D[D[D[D[D[Dsendkey o[K
(qemu) s[K[Dse[K[D[Dsen[K[D[D[Dsend[K[D[D[D[Dsendk[K[D[D[D[D[Dsendke[K[D[D[D[D[D[Dsendkey[K[D[D[D[D[D[D[Dsendkey [K[D[D[D[D[D[D[D[Dsendkey s[K[D[D[D[D[D[D[D[D[Dsendkey sp[K[D[D[D[D[D[D[D[D[D[Dsendkey spc[K
(qemu) s[K[Dse[K[D[Dsen[K[D[D[Dsend[K[D[D[D[Dsendk[K[D[D[D[D[Dsendke[K[D[D[D[D[D[Dsendkey[K[D[D[D[D[D[D[Dsendkey [K[D[D[D[D[D[D[D[Dsendkey p[K
(qemu) s[K[Dse[K[D[Dsen[K[D[D[Dsend[K[D[D[D[Dsendk[K[D[D[D[D[Dsendke[K[D[D[D[D[D[Dsendkey[K[D[D[D[D[D[D[Dsendkey [K[D[D[D[D[D[D[D[Dsendkey 0[K
(qemu) s[K[Dse[K[D[Dsen[K[D[D[Dsend[K[D[D[D[Dsendk[K[D[D[D[D[Dsendke[K[D[D[D[D[D[Dsendkey[K[D[D[D[D[D[D[Dsendkey [K[D[D[D[D[D[D[D[Dsendkey 1[K
(qemu) s[K[Dse[K[D[Dsen[K[D[D[Dsend[K[D[D[D[Dsendk[K[D[D[D[D[Dsendke[K[D[D[D[D[D[Dsendkey[K[D[D[D[D[D[D[Dsendkey [K[D[D[D[D[D[D[D[Dsendkey 7[K
(qemu) s[K[Dse[K[D[Dsen[K[D[D[Dsend[K[D[D[D[Dsendk[K[D[D[D[D[Dsendke[K[D[D[D[D[D[Dsendkey[K[D[D[D[D[D[D[Dsendkey [K[D[D[D[D[D[D[D[Dsendkey g[K
(qemu) s[K[Dse[K[D[Dsen[K[D[D[Dsend[K[D[D[D[Dsendk[K[D[D[D[D[Dsendke[K[D[D[D[D[D[Dsendkey[K[D[D[D[D[D[D[Dsendkey [K[D[D[D[D[D[D[D[Dsendkey u[K
(qemu) s[K[Dse[K[D[Dsen[K[D[D[Dsend[K[D[D[D[Dsendk[K[D[D[D[D[Dsendke[K[D[D[D[D[D[Dsendkey[K[D[D[D[D[D[D[Dsendkey [K[D[D[D[D[D[D[D[Dsendkey e[K
(qemu) s[K[Dse[K[D[Dsen[K[D[D[Dsend[K[D[D[D[Dsendk[K[D[D[D[D[Dsendke[K[D[D[D[D[D[Dsendkey[K[D[D[D[D[D[D[Dsendkey [K[D[D[D[D[D[D[D[Dsendkey s[K
(qemu) s[K[Dse[K[D[Dsen[K[D[D[Dsend[K[D[D[D[Dsendk[K[D[D[D[D[Dsendke[K[D[D[D[D[D[Dsendkey[K[D[D[D[D[D[D[Dsendkey [K[D[D[D[D[D[D[D[Dsendkey t[K
(qemu) s[K[Dse[K[D[Dsen[K[D[D[Dsend[K[D[D[D[Dsendk[K[D[D[D[D[Dsendke[K[D[D[D[D[D[Dsendkey[K[D[D[D[D[D[D[Dsendkey [K[D[D[D[D[D[D[D[Dsendkey r[K[D[D[D[D[D[D[D[D[Dsendkey re[K[D[D[D[D[D[D[D[D[D[Dsendkey ret[K
(qemu) s[K[Dse[K[D[Dsen[K[D[D[Dsend[K[D[D[D[Dsendk[K[D[D[D[D[Dsendke[K[D[D[D[D[D[Dsendkey[K[D[D[D[D[D[D[Dsendkey [K[D[D[D[D[D[D[D[Dsendkey e[K
(qemu) s[K[Dse[K[D[Dsen[K[D[D[Dsend[K[D[D[D[Dsendk[K[D[D[D[D[Dsendke[K[D[D[D[D[D[Dsendkey[K[D[D[D[D[D[D[Dsendkey [K[D[D[D[D[D[D[D[Dsendkey c[K
(qemu) s[K[Dse[K[D[Dsen[K[D[D[Dsend[K[D[D[D[Dsendk[K[D[D[D[D[Dsendke[K[D[D[D[D[D[Dsendkey[K[D[D[D[D[D[D[Dsendkey [K[D[D[D[D[D[D[D[Dsendkey h[K
(qemu) s[K[Dse[K[D[Dsen[K[D[D[Dsend[K[D[D[D[Dsendk[K[D[D[D[D[Dsendke[K[D[D[D[D[D[Dsendkey[K[D[D[D[D[D[D[Dsendkey [K[D[D[D[D[D[D[D[Dsendkey o[K
(qemu) s[K[Dse[K[D[Dsen[K[D[D[Dsend[K[D[D[D[Dsendk[K[D[D[D[D[Dsendke[K[D[D[D[D[D[Dsendkey[K[D[D[D[D[D[D[Dsendkey [K[D[D[D[D[D[D[D[Dsendkey s[K[D[D[D[D[D[D[D[D[Dsendkey sp[K[D[D[D[D[D[D[D[D[D[Dsendkey spc[K
(qemu) s[K[Dse[K[D[Dsen[K[D[D[Dsend[K[D[D[D[Dsendk[K[D[D[D[D[Dsendke[K[D[D[D[D[D[Dsendkey[K[D[D[D[D[D[D[Dsendkey [K[D[D[D[D[D[D[D[Dsendkey p[K
(qemu) s[K[Dse[K[D[Dsen[K[D[D[Dsend[K[D[D[D[Dsendk[K[D[D[D[D[Dsendke[K[D[D[D[D[D[Dsendkey[K[D[D[D[D[D[D[Dsendkey [K[D[D[D[D[D[D[D[Dsendkey 0[K
(qemu) s[K[Dse[K[D[Dsen[K[D[D[Dsend[K[D[D[D[Dsendk[K[D[D[D[D[Dsendke[K[D[D[D[D[D[Dsendkey[K[D[D[D[D[D[D[Dsendkey [K[D[D[D[D[D[D[D[Dsendkey 1[K
(qemu) qemu-system-x86_64: terminating on signal 15 from pid 3979277 (timeout)
