1791438084 SESSIOND SEAT events subscribed classes=0xa0
1791438084 SESSIOND START greeter=/bin/wayland session=/etc/keiland/session pid=23
1791438084 SESSIOND AUTOLOGIN user=kei
1791438084 SESSIOND SEAT path=/dev/gpu0 uid=1000 mode=0600
1791438084 SESSIOND SEAT path=/dev/input/event0 uid=1000 mode=0600
1791438084 SESSIOND SEAT path=/dev/input/event1 uid=1000 mode=0600
1791438084 SESSIOND SEAT path=/dev/input/event2 uid=1000 mode=0600
1791438084 SESSIOND SEAT path=/dev/backlight/backlight0 uid=1000 mode=0600
1791438084 SESSIOND SEAT path=/dev/smartcard0 uid=1000 mode=0600
1791438084 SESSIOND SESSION start user=kei uid=1000 pid=26 runtime=/run/user/1000
1791438084 SESSIOND NETWORK session open uid=1000
1791438087 SESSIOND HANDOFF session ready=1 waited_ms=2625
1791438087 SESSIOND HANDOFF go written=3 at_ms=16480
1791440683 SESSIOND SESSION end user=kei pid=26 status=4
1791440685 SESSIOND NETWORK session close uid=1000
1791440685 SESSIOND SEAT path=/dev/gpu0 uid=78 mode=0600
1791440685 SESSIOND SEAT path=/dev/input/event0 uid=78 mode=0600
1791440685 SESSIOND SEAT path=/dev/input/event1 uid=78 mode=0600
1791440685 SESSIOND SEAT path=/dev/input/event2 uid=78 mode=0600
1791440685 SESSIOND SEAT path=/dev/backlight/backlight0 uid=78 mode=0600
1791440685 SESSIOND SEAT path=/dev/smartcard0 uid=0 mode=0600
1791440685 SESSIOND GREETER start pid=619 uid=78
1791440685 SESSIOND HANDOFF greeter ready: go
1791440737 SESSIOND SEAT path=/dev/gpu0 uid=0 mode=0666
1791440737 SESSIOND SEAT path=/dev/input/event0 uid=0 mode=0640
1791440737 SESSIOND SEAT path=/dev/input/event1 uid=0 mode=0640
1791440737 SESSIOND SEAT path=/dev/input/event2 uid=0 mode=0640
1791440737 SESSIOND SEAT path=/dev/backlight/backlight0 uid=0 mode=0644
1791440737 SESSIOND STOP
1791440770 SESSIOND SEAT events subscribed classes=0xa0
1791440770 SESSIOND START greeter=/bin/wayland session=/etc/keiland/session pid=21
1791440770 SESSIOND AUTOLOGIN user=kei
1791440770 SESSIOND SEAT path=/dev/gpu0 uid=1000 mode=0600
1791440770 SESSIOND SEAT path=/dev/input/event0 uid=1000 mode=0600
1791440770 SESSIOND SEAT path=/dev/input/event1 uid=1000 mode=0600
1791440770 SESSIOND SEAT path=/dev/input/event2 uid=1000 mode=0600
1791440770 SESSIOND SEAT path=/dev/backlight/backlight0 uid=1000 mode=0600
1791440770 SESSIOND SEAT path=/dev/smartcard0 uid=1000 mode=0600
1791440770 SESSIOND SESSION start user=kei uid=1000 pid=23 runtime=/run/user/1000
1791440770 SESSIOND NETWORK session open uid=1000
1791440786 SESSIOND HANDOFF session ready=1 waited_ms=15573
1791440786 SESSIOND HANDOFF go written=3 at_ms=27243
1791440852 SESSIOND SEAT path=/dev/input/event3 uid=1000 mode=0600
1791440888 SESSIOND SESSION end user=kei pid=23 status=256
1791440890 SESSIOND NETWORK session close uid=1000
1791440890 SESSIOND SEAT path=/dev/gpu0 uid=78 mode=0600
1791440890 SESSIOND SEAT path=/dev/input/event0 uid=78 mode=0600
1791440890 SESSIOND SEAT path=/dev/input/event1 uid=78 mode=0600
1791440890 SESSIOND SEAT path=/dev/input/event2 uid=78 mode=0600
1791440890 SESSIOND SEAT path=/dev/input/event3 uid=78 mode=0600
1791440890 SESSIOND SEAT path=/dev/backlight/backlight0 uid=78 mode=0600
1791440890 SESSIOND SEAT path=/dev/smartcard0 uid=0 mode=0600
1791440890 SESSIOND GREETER start pid=79 uid=78
1791440893 SESSIOND HANDOFF greeter ready: go
1791440899 SESSIOND AUTH ok user=kei uid=1000 style=password
1791440899 SESSIOND GREETER stays pid=79
1791440899 SESSIOND SEAT path=/dev/gpu0 uid=1000 mode=0600
1791440899 SESSIOND SEAT path=/dev/input/event0 uid=1000 mode=0600
1791440899 SESSIOND SEAT path=/dev/input/event1 uid=1000 mode=0600
1791440899 SESSIOND SEAT path=/dev/input/event2 uid=1000 mode=0600
1791440899 SESSIOND SEAT path=/dev/input/event3 uid=1000 mode=0600
1791440899 SESSIOND SEAT path=/dev/backlight/backlight0 uid=1000 mode=0600
1791440899 SESSIOND SEAT path=/dev/smartcard0 uid=1000 mode=0600
1791440899 SESSIOND SESSION start user=kei uid=1000 pid=83 runtime=/run/user/1000
1791440899 SESSIOND NETWORK session open uid=1000
1791440900 SESSIOND HANDOFF session ready=1 waited_ms=689
1791440900 SESSIOND HANDOFF greeter released=1 at_ms=141222
1791440900 SESSIOND HANDOFF go written=3 at_ms=141222
1791440900 SESSIOND GREETER end pid=79 status=0
1791440901 SESSIOND SESSION end user=kei pid=83 status=256
1791440903 SESSIOND NETWORK session close uid=1000
1791440903 SESSIOND SEAT path=/dev/gpu0 uid=78 mode=0600
1791440903 SESSIOND SEAT path=/dev/input/event0 uid=78 mode=0600
1791440903 SESSIOND SEAT path=/dev/input/event1 uid=78 mode=0600
1791440903 SESSIOND SEAT path=/dev/input/event2 uid=78 mode=0600
1791440903 SESSIOND SEAT path=/dev/input/event3 uid=78 mode=0600
1791440903 SESSIOND SEAT path=/dev/backlight/backlight0 uid=78 mode=0600
1791440903 SESSIOND SEAT path=/dev/smartcard0 uid=0 mode=0600
1791440903 SESSIOND GREETER start pid=99 uid=78
1791440904 SESSIOND HANDOFF greeter ready: go
1791440909 SESSIOND AUTH ok user=kei uid=1000 style=password
1791440909 SESSIOND GREETER stays pid=99
1791440909 SESSIOND SEAT path=/dev/gpu0 uid=1000 mode=0600
1791440909 SESSIOND SEAT path=/dev/input/event0 uid=1000 mode=0600
1791440909 SESSIOND SEAT path=/dev/input/event1 uid=1000 mode=0600
1791440909 SESSIOND SEAT path=/dev/input/event2 uid=1000 mode=0600
1791440909 SESSIOND SEAT path=/dev/backlight/backlight0 uid=1000 mode=0600
1791440909 SESSIOND SEAT path=/dev/smartcard0 uid=1000 mode=0600
1791440909 SESSIOND SESSION start user=kei uid=1000 pid=103 runtime=/run/user/1000
1791440909 SESSIOND NETWORK session open uid=1000
1791440909 SESSIOND HANDOFF session ready=1 waited_ms=393
1791440909 SESSIOND HANDOFF greeter released=1 at_ms=150968
1791440909 SESSIOND HANDOFF go written=3 at_ms=150969
1791440910 SESSIOND GREETER end pid=99 status=0
1791440936 SESSIOND SEAT path=/dev/input/event3 uid=1000 mode=0600
1791440966 SESSIOND SESSION end user=kei pid=103 status=256
1791440968 SESSIOND NETWORK session close uid=1000
1791440968 SESSIOND SEAT path=/dev/gpu0 uid=78 mode=0600
1791440968 SESSIOND SEAT path=/dev/input/event0 uid=78 mode=0600
1791440968 SESSIOND SEAT path=/dev/input/event1 uid=78 mode=0600
1791440968 SESSIOND SEAT path=/dev/input/event2 uid=78 mode=0600
1791440968 SESSIOND SEAT path=/dev/input/event3 uid=78 mode=0600
1791440968 SESSIOND SEAT path=/dev/backlight/backlight0 uid=78 mode=0600
1791440968 SESSIOND SEAT path=/dev/smartcard0 uid=0 mode=0600
1791440968 SESSIOND GREETER start pid=125 uid=78
1791440968 SESSIOND HANDOFF greeter ready: go
1791441824 SESSIOND SEAT path=/dev/gpu0 uid=0 mode=0666
1791441824 SESSIOND SEAT path=/dev/input/event0 uid=0 mode=0640
1791441824 SESSIOND SEAT path=/dev/input/event1 uid=0 mode=0640
1791441824 SESSIOND SEAT path=/dev/input/event2 uid=0 mode=0640
1791441824 SESSIOND SEAT path=/dev/backlight/backlight0 uid=0 mode=0644
1791441824 SESSIOND STOP
1791441855 SESSIOND SEAT events subscribed classes=0xa0
1791441855 SESSIOND START greeter=/bin/wayland session=/etc/keiland/session pid=21
1791441855 SESSIOND AUTOLOGIN user=kei
1791441855 SESSIOND SEAT path=/dev/gpu0 uid=1000 mode=0600
1791441855 SESSIOND SEAT path=/dev/input/event0 uid=1000 mode=0600
1791441855 SESSIOND SEAT path=/dev/input/event1 uid=1000 mode=0600
1791441855 SESSIOND SEAT path=/dev/input/event2 uid=1000 mode=0600
1791441855 SESSIOND SEAT path=/dev/backlight/backlight0 uid=1000 mode=0600
1791441855 SESSIOND SEAT path=/dev/smartcard0 uid=1000 mode=0600
1791441855 SESSIOND SESSION start user=kei uid=1000 pid=23 runtime=/run/user/1000
1791441855 SESSIOND NETWORK session open uid=1000
1791441856 SESSIOND HANDOFF session ready=1 waited_ms=1269
1791441856 SESSIOND HANDOFF go written=3 at_ms=13424
1791443290 SESSIOND UNLOCK fail user=kei wrong=1 delay=2 style=password reason=bad-secret
1791443295 SESSIOND UNLOCK ok user=kei style=password
1791443339 SESSIOND SESSION end user=kei pid=23 status=256
1791443341 SESSIOND NETWORK session close uid=1000
1791443341 SESSIOND SEAT path=/dev/gpu0 uid=78 mode=0600
1791443341 SESSIOND SEAT path=/dev/input/event0 uid=78 mode=0600
1791443341 SESSIOND SEAT path=/dev/input/event1 uid=78 mode=0600
1791443341 SESSIOND SEAT path=/dev/input/event2 uid=78 mode=0600
1791443341 SESSIOND SEAT path=/dev/backlight/backlight0 uid=78 mode=0600
1791443341 SESSIOND SEAT path=/dev/smartcard0 uid=0 mode=0600
1791443341 SESSIOND GREETER start pid=720 uid=78
1791443344 SESSIOND HANDOFF greeter ready: go
1791445173 SESSIOND AUTH ok user=kei uid=1000 style=password
1791445173 SESSIOND GREETER stays pid=720
1791445173 SESSIOND SEAT path=/dev/gpu0 uid=1000 mode=0600
1791445173 SESSIOND SEAT path=/dev/input/event0 uid=1000 mode=0600
1791445173 SESSIOND SEAT path=/dev/input/event1 uid=1000 mode=0600
1791445173 SESSIOND SEAT path=/dev/input/event2 uid=1000 mode=0600
1791445173 SESSIOND SEAT path=/dev/backlight/backlight0 uid=1000 mode=0600
1791445173 SESSIOND SEAT path=/dev/smartcard0 uid=1000 mode=0600
1791445173 SESSIOND SESSION start user=kei uid=1000 pid=909 runtime=/run/user/1000
1791445173 SESSIOND NETWORK session open uid=1000
1791445174 SESSIOND HANDOFF session ready=1 waited_ms=393
1791445174 SESSIOND HANDOFF greeter released=1 at_ms=3331262
1791445174 SESSIOND HANDOFF go written=3 at_ms=3331263
1791445174 SESSIOND GREETER end pid=720 status=0
1791445185 SESSIOND POWER reboot from=kei
1791445197 SESSIOND SESSION end user=kei pid=909 status=0
1791445199 SESSIOND NETWORK session close uid=1000
net: networkd is unavailable: No such file or directory
1791445199 SESSIOND SEAT path=/dev/gpu0 uid=0 mode=0666
1791445199 SESSIOND SEAT path=/dev/input/event0 uid=0 mode=0640
1791445199 SESSIOND SEAT path=/dev/input/event1 uid=0 mode=0640
1791445199 SESSIOND SEAT path=/dev/input/event2 uid=0 mode=0640
1791445199 SESSIOND SEAT path=/dev/backlight/backlight0 uid=0 mode=0644
1791445199 SESSIOND SEAT path=/dev/smartcard0 uid=0 mode=0600
1791445199 SESSIOND STOP
1791445236 SESSIOND SEAT events subscribed classes=0xa0
1791445236 SESSIOND START greeter=/bin/wayland session=/etc/keiland/session pid=21
1791445236 SESSIOND AUTOLOGIN user=kei
1791445236 SESSIOND SEAT path=/dev/gpu0 uid=1000 mode=0600
1791445236 SESSIOND SEAT path=/dev/input/event0 uid=1000 mode=0600
1791445236 SESSIOND SEAT path=/dev/input/event1 uid=1000 mode=0600
1791445236 SESSIOND SEAT path=/dev/input/event2 uid=1000 mode=0600
1791445236 SESSIOND SEAT path=/dev/backlight/backlight0 uid=1000 mode=0600
1791445236 SESSIOND SEAT path=/dev/smartcard0 uid=1000 mode=0600
1791445236 SESSIOND SESSION start user=kei uid=1000 pid=23 runtime=/run/user/1000
1791445236 SESSIOND NETWORK session open uid=1000
1791445245 SESSIOND HANDOFF session ready=1 waited_ms=9096
1791445245 SESSIOND HANDOFF go written=3 at_ms=19570
1791445844 SESSIOND SEAT path=/dev/input/event3 uid=1000 mode=0600
